// Jest Snapshot v1, https://goo.gl/fbAQLP

exports[`TabContent renders properly 1`] = `
ShallowWrapper {
  "length": 1,
  Symbol(enzyme.__root__): [Circular],
  Symbol(enzyme.__unrendered__): <TabContent
    fullPageImage={false}
    removeFullPageImage={[Function]}
    selectedTab={
        Object {
            "content": Array [
              Object {
                "content": "Every creative endeavor requires that you take risks. If you try and don't succeed, you've still learned something. It took Thomas Edison more than 10,000 tries to invent a viable lightbulb. You're not failing. You're discovering what doesn't work.",
                "tag": "p",
              },
              Object {
                "content": "https://cdn.articulate.com/rise/courses/_Af0P0L1E-1akg7PhqRPNyg0uRFD0pUp/q0r7xIVMCo4RkD5A.gif",
                "tag": "img",
              },
            ],
            "id": 1,
            "title": "Embracing Discovery",
          }
    }
/>,
  Symbol(enzyme.__renderer__): Object {
    "batchedUpdates": [Function],
    "getNode": [Function],
    "render": [Function],
    "simulateEvent": [Function],
    "unmount": [Function],
  },
  Symbol(enzyme.__node__): Object {
    "instance": null,
    "key": undefined,
    "nodeType": "host",
    "props": Object {
      "children": Array [
        Array [
          <Connect(TabContentElement)
            content={
                        Object {
                                    "content": "Every creative endeavor requires that you take risks. If you try and don't succeed, you've still learned something. It took Thomas Edison more than 10,000 tries to invent a viable lightbulb. You're not failing. You're discovering what doesn't work.",
                                    "tag": "p",
                                  }
            }
/>,
          <Connect(TabContentElement)
            content={
                        Object {
                                    "content": "https://cdn.articulate.com/rise/courses/_Af0P0L1E-1akg7PhqRPNyg0uRFD0pUp/q0r7xIVMCo4RkD5A.gif",
                                    "tag": "img",
                                  }
            }
/>,
        ],
        <span
          className="backdrop "
          onClick={false}
/>,
      ],
      "className": "TabContent ",
    },
    "ref": null,
    "rendered": Array [
      Object {
        "instance": null,
        "key": "0",
        "nodeType": "class",
        "props": Object {
          "content": Object {
            "content": "Every creative endeavor requires that you take risks. If you try and don't succeed, you've still learned something. It took Thomas Edison more than 10,000 tries to invent a viable lightbulb. You're not failing. You're discovering what doesn't work.",
            "tag": "p",
          },
        },
        "ref": null,
        "rendered": null,
        "type": [Function],
      },
      Object {
        "instance": null,
        "key": "1",
        "nodeType": "class",
        "props": Object {
          "content": Object {
            "content": "https://cdn.articulate.com/rise/courses/_Af0P0L1E-1akg7PhqRPNyg0uRFD0pUp/q0r7xIVMCo4RkD5A.gif",
            "tag": "img",
          },
        },
        "ref": null,
        "rendered": null,
        "type": [Function],
      },
      Object {
        "instance": null,
        "key": undefined,
        "nodeType": "host",
        "props": Object {
          "className": "backdrop ",
          "onClick": false,
        },
        "ref": null,
        "rendered": null,
        "type": "span",
      },
    ],
    "type": "div",
  },
  Symbol(enzyme.__nodes__): Array [
    Object {
      "instance": null,
      "key": undefined,
      "nodeType": "host",
      "props": Object {
        "children": Array [
          Array [
            <Connect(TabContentElement)
              content={
                            Object {
                                          "content": "Every creative endeavor requires that you take risks. If you try and don't succeed, you've still learned something. It took Thomas Edison more than 10,000 tries to invent a viable lightbulb. You're not failing. You're discovering what doesn't work.",
                                          "tag": "p",
                                        }
              }
/>,
            <Connect(TabContentElement)
              content={
                            Object {
                                          "content": "https://cdn.articulate.com/rise/courses/_Af0P0L1E-1akg7PhqRPNyg0uRFD0pUp/q0r7xIVMCo4RkD5A.gif",
                                          "tag": "img",
                                        }
              }
/>,
          ],
          <span
            className="backdrop "
            onClick={false}
/>,
        ],
        "className": "TabContent ",
      },
      "ref": null,
      "rendered": Array [
        Object {
          "instance": null,
          "key": "0",
          "nodeType": "class",
          "props": Object {
            "content": Object {
              "content": "Every creative endeavor requires that you take risks. If you try and don't succeed, you've still learned something. It took Thomas Edison more than 10,000 tries to invent a viable lightbulb. You're not failing. You're discovering what doesn't work.",
              "tag": "p",
            },
          },
          "ref": null,
          "rendered": null,
          "type": [Function],
        },
        Object {
          "instance": null,
          "key": "1",
          "nodeType": "class",
          "props": Object {
            "content": Object {
              "content": "https://cdn.articulate.com/rise/courses/_Af0P0L1E-1akg7PhqRPNyg0uRFD0pUp/q0r7xIVMCo4RkD5A.gif",
              "tag": "img",
            },
          },
          "ref": null,
          "rendered": null,
          "type": [Function],
        },
        Object {
          "instance": null,
          "key": undefined,
          "nodeType": "host",
          "props": Object {
            "className": "backdrop ",
            "onClick": false,
          },
          "ref": null,
          "rendered": null,
          "type": "span",
        },
      ],
      "type": "div",
    },
  ],
  Symbol(enzyme.__options__): Object {
    "adapter": ReactSixteenAdapter {
      "options": Object {
        "enableComponentDidUpdateOnSetState": true,
      },
    },
  },
}
`;
