// Jest Snapshot v1, https://goo.gl/fbAQLP

exports[`TabContentElement renders properly 1`] = `
ShallowWrapper {
  "length": 1,
  Symbol(enzyme.__root__): [Circular],
  Symbol(enzyme.__unrendered__): <TabContentElement
    content={
        Object {
            "content": "Every creative endeavor requires that you take risks. If you try and don't succeed, you've still learned something. It took Thomas Edison more than 10,000 tries to invent a viable lightbulb. You're not failing. You're discovering what doesn't work.",
            "tag": "p",
          }
    }
/>,
  Symbol(enzyme.__renderer__): Object {
    "batchedUpdates": [Function],
    "getNode": [Function],
    "render": [Function],
    "simulateEvent": [Function],
    "unmount": [Function],
  },
  Symbol(enzyme.__node__): Object {
    "instance": null,
    "key": undefined,
    "nodeType": "host",
    "props": Object {
      "children": "Every creative endeavor requires that you take risks. If you try and don't succeed, you've still learned something. It took Thomas Edison more than 10,000 tries to invent a viable lightbulb. You're not failing. You're discovering what doesn't work.",
      "className": "TabContentElement false",
    },
    "ref": null,
    "rendered": "Every creative endeavor requires that you take risks. If you try and don't succeed, you've still learned something. It took Thomas Edison more than 10,000 tries to invent a viable lightbulb. You're not failing. You're discovering what doesn't work.",
    "type": "p",
  },
  Symbol(enzyme.__nodes__): Array [
    Object {
      "instance": null,
      "key": undefined,
      "nodeType": "host",
      "props": Object {
        "children": "Every creative endeavor requires that you take risks. If you try and don't succeed, you've still learned something. It took Thomas Edison more than 10,000 tries to invent a viable lightbulb. You're not failing. You're discovering what doesn't work.",
        "className": "TabContentElement false",
      },
      "ref": null,
      "rendered": "Every creative endeavor requires that you take risks. If you try and don't succeed, you've still learned something. It took Thomas Edison more than 10,000 tries to invent a viable lightbulb. You're not failing. You're discovering what doesn't work.",
      "type": "p",
    },
  ],
  Symbol(enzyme.__options__): Object {
    "adapter": ReactSixteenAdapter {
      "options": Object {
        "enableComponentDidUpdateOnSetState": true,
      },
    },
  },
}
`;
